
> internmania@0.0.0 build
> vite build

[36mvite v8.0.3 [32mbuilding client environment for production...[36m[39m
[2K
transforming...Γ£ô 33 modules transformed.
node.exe : 
[31mΓ£ù[39m Build 
failed in 85ms
At line:1 char:1
+ & "C:\Program 
Files\nodejs/node.exe" 
"C:\Program 
Files\nodejs/node_mo 
...
+ ~~~~~~~~~~~~~~~~~~~~~
~~~~~~~~~~~~~~~~~~~~~~~
~~~~~~~~~~~~~~~~~~~~~~~
~~
    + CategoryInfo     
         : NotSpecifi  
  ed: ([31mΓ£ù[39m   
  Build failed in 8    
5ms:String) [], Re    
moteException
    + FullyQualifiedEr 
   rorId : NativeComm  
  andError
 
[31merror during 
build:
[31mBuild failed with 
1 error:

[31m[UNRESOLVED_IMPORT
] Error:[0m Could not 
resolve './Hero.css' 
in 
src/components/Hero.jsx
   [38;5;246mΓò¡[0m[
38;5;246mΓöÇ[0m[38;5;
246m[[0m src/component
s/Hero.jsx:1:8 
[38;5;246m][0m
   [38;5;246mΓöé[0m
 [38;5;246m1 Γöé[0m 
[38;5;249mi[0m[38;5;2
49mm[0m[38;5;249mp[0
m[38;5;249mo[0m[38;5
;249mr[0m[38;5;249mt
[0m[38;5;249m [0m"./H
ero.css"[38;5;249m;[0
m
 [38;5;240m  Γöé[0m  
      ΓöÇΓöÇΓöÇΓöÇΓöÇΓö
ÇΓö¼ΓöÇΓöÇΓöÇΓöÇΓöÇ  
 [38;5;240m  Γöé[0m  
            Γò░ΓöÇΓöÇΓö
ÇΓöÇΓöÇΓöÇΓöÇ Module 
not found.
 [38;5;240m  Γöé[0m 
 [38;5;240m  Γöé[0m 
[38;5;115mHelp[0m: 's
rc/components/Hero.jsx'
 is imported by the 
following path:
 [38;5;240m  Γöé[0m  
       - 
src/components/Hero.jsx
 [38;5;240m  Γöé[0m  
       - src/App.jsx
 [38;5;240m  Γöé[0m  
       - src/main.jsx
 [38;5;240m  Γöé[0m  
       - index.html
[38;5;246mΓöÇΓöÇΓöÇΓò»
[0m
[31m
    at aggregateBinding
ErrorsIntoJsError (file
:///C:/Users/Lakhansing
/internMania/node_modul
es/rolldown/dist/shared
/error-BLhcSyeg.mjs:48:
18)
    at 
unwrapBindingResult (fi
le:///C:/Users/Lakhansi
ng/internMania/node_mod
ules/rolldown/dist/shar
ed/error-BLhcSyeg.mjs:1
8:128)
    at #build (file:///
C:/Users/Lakhansing/int
ernMania/node_modules/r
olldown/dist/shared/rol
ldown-build-CPrIX9V6.mj
s:3313:34)
    at async 
buildEnvironment (file:
///C:/Users/Lakhansing/
internMania/node_module
s/vite/dist/node/chunks
/node.js:32849:64)
    at async 
Object.build (file:///C
:/Users/Lakhansing/inte
rnMania/node_modules/vi
te/dist/node/chunks/nod
e.js:33271:19)
    at async 
Object.buildApp (file:/
//C:/Users/Lakhansing/i
nternMania/node_modules
/vite/dist/node/chunks/
node.js:33268:153)
    at async 
CAC.<anonymous> (file:/
//C:/Users/Lakhansing/i
nternMania/node_modules
/vite/dist/node/cli.js:
778:3) {
  errors: 
[Getter/Setter]
}[39m
